[backblue.gif]
[fade.gif]
[index.html]
[liantitravel.com/wp-content/uploads/2025/05/pilgrims-in-kaaba-in-macca-al-haram-umrah-socially-distanced-coronavirus-restrictions-face-mask-1-1.jpg]
[liantitravel.com/wp-content/uploads/2025/05/the-hajj-annual-islamic-pilgrimage-to-mecca-saudi-arabia.jpg]
[liantitravel.com/wp-content/uploads/2025/05/moon-between-two-towers-of-the-prophet-s-mosque-in-al-madinah-saudi-arabia-1.jpg]
[liantitravel.com/wp-content/uploads/2025/05/wide-lianti.png]
[liantitravel.com/wp-content/uploads/2025/05/img_1.png]
[liantitravel.com/wp-content/uploads/elementor/thumbs/white-wide-lianti-r5qemktfg46rw069rfq8swmgl6o087uhq8yd3sh2vs.png]
[liantitravel.com/wp-content/uploads/2025/05/parent-prepare-umroh.jpg]
[liantitravel.com/wp-content/uploads/2025/05/paket-1-5.jpg]
[liantitravel.com/wp-content/uploads/2025/05/paket-1-6.jpg]
[liantitravel.com/wp-content/uploads/2025/05/paket-1-1.jpg]
[liantitravel.com/wp-content/plugins/elementor-pro/assets/css/conditionals/popup.min2801.css]
[liantitravel.com/wp-content/plugins/elementor/assets/lib/flatpickr/flatpickr.min4e7f.css]
[liantitravel.com/wp-content/plugins/elementskit-lite/widgets/init/assets/js/widget-scripts7338.js]
[liantitravel.com/wp-content/themes/hello-elementor/assets/js/hello-frontend.min5589.js]
[liantitravel.com/wp-content/plugins/elementor/assets/js/webpack.runtime.mineda1.js]
[liantitravel.com/wp-content/plugins/elementor/assets/js/frontend-modules.mineda1.js]
[liantitravel.com/wp-includes/js/jquery/ui/core.minb37e.js]
[liantitravel.com/wp-content/plugins/elementor/assets/js/frontend.mineda1.js]
[liantitravel.com/wp-content/plugins/elementor-pro/assets/lib/smartmenus/jquery.smartmenus.min1576.js]
[liantitravel.com/wp-content/plugins/elementskit-lite/widgets/init/assets/js/widgets/core7338.js]
[liantitravel.com/wp-content/plugins/elementskit-lite/widgets/init/assets/js/widgets/video7338.js]
[liantitravel.com/wp-includes/js/mediaelement/mediaelement-and-player.min1f61.js]
[liantitravel.com/wp-includes/js/mediaelement/mediaelement-migrate.mina784.js]
[liantitravel.com/wp-content/uploads/2025/05/cropped-cropped-lianti-1-32x32.png]
[code.jquery.com/jquery-3.6.0.min.js]
[liantitravel.com/xmlrpc0db0.php]
[liantitravel.com/index.html]
[liantitravel.com/wp-content/themes/hello-elementor/style.min5589.css]
[liantitravel.com/wp-content/themes/hello-elementor/theme.min5589.css]
[liantitravel.com/wp-content/themes/hello-elementor/header-footer.min5589.css]
[liantitravel.com/wp-content/plugins/elementor/assets/css/frontend.mineda1.css]
[liantitravel.com/wp-content/plugins/elementor/assets/css/widget-icon-list.mineda1.css]
[liantitravel.com/wp-content/plugins/elementor/assets/lib/animations/styles/e-animation-pop.mineda1.css]
[liantitravel.com/wp-content/plugins/elementor/assets/css/widget-social-icons.mineda1.css]
[liantitravel.com/wp-content/plugins/elementor/assets/css/conditionals/apple-webkit.mineda1.css]
[liantitravel.com/wp-content/plugins/elementor/assets/css/widget-image.mineda1.css]
[liantitravel.com/wp-content/plugins/elementor-pro/assets/css/widget-nav-menu.min2801.css]
[liantitravel.com/wp-content/plugins/elementor/assets/css/widget-icon-box.mineda1.css]
[liantitravel.com/wp-content/plugins/elementor/assets/css/widget-divider.mineda1.css]
[liantitravel.com/wp-content/plugins/elementor/assets/css/widget-heading.mineda1.css]
[liantitravel.com/wp-content/plugins/elementor/assets/lib/animations/styles/e-animation-bounce-in.mineda1.css]
[liantitravel.com/wp-includes/js/mediaelement/mediaelementplayer-legacy.min1f61.css]
[liantitravel.com/wp-includes/js/mediaelement/wp-mediaelement.mina784.css]
[liantitravel.com/wp-content/plugins/elementor/assets/css/widget-counter.mineda1.css]
[liantitravel.com/wp-content/plugins/elementor/assets/css/widget-rating.mineda1.css]
[liantitravel.com/wp-content/plugins/elementor/assets/css/widget-video.mineda1.css]
[liantitravel.com/wp-content/plugins/elementor/assets/lib/swiper/v8/css/swiper.min94a4.css]
[liantitravel.com/wp-content/plugins/elementor/assets/css/conditionals/e-swiper.mineda1.css]
[liantitravel.com/wp-content/plugins/elementor-pro/assets/css/widget-nested-carousel.min2801.css]
[liantitravel.com/wp-content/plugins/inavii-social-feed-for-elementor/includes/Legacy/Assets/dist/css/inavii-styles.min459e.css]
[liantitravel.com/wp-content/plugins/elementskit-lite/widgets/init/assets/css/widget-styles7338.css]
[liantitravel.com/wp-content/plugins/elementskit-lite/widgets/init/assets/css/responsive7338.css]
[liantitravel.com/wp-content/uploads/elementor/google-fonts/css/poppinsa98a.css]
[liantitravel.com/wp-content/uploads/elementor/google-fonts/css/outfit88d9.css]
[liantitravel.com/wp-content/uploads/elementor/google-fonts/css/plusjakartasansd4cf.css]
[liantitravel.com/wp-content/uploads/elementor/google-fonts/css/intera04c.css]
[liantitravel.com/wp-content/plugins/skyboot-custom-icons-for-elementor/assets/css/elegantc64e.css]
[liantitravel.com/wp-content/plugins/elementskit-lite/modules/elementskit-icon-pack/assets/css/ekiticons7338.css]
[liantitravel.com/wp-content/plugins/skyboot-custom-icons-for-elementor/assets/css/themifyc64e.css]
[liantitravel.com/wp-includes/js/jquery/jquery.minf43b.js]
[liantitravel.com/wp-includes/js/jquery/jquery-migrate.min5589.js]
[liantitravel.com/wp-content/uploads/2025/05/cropped-cropped-lianti-1-192x192.png]
[liantitravel.com/wp-content/uploads/2025/05/cropped-cropped-lianti-1-180x180.png]
[liantitravel.com/wp-content/uploads/2025/05/logo-partner-lianti-air-asia-1024x683.png]
[liantitravel.com/wp-content/uploads/2025/05/logo-partner-lianti-saudi-air-1024x683.png]
[liantitravel.com/wp-content/uploads/2025/05/logo-partner-lianti-concorde-1024x683.png]
[liantitravel.com/wp-content/uploads/2025/05/logo-partner-lianti-snood-1024x683.png]
[liantitravel.com/wp-content/uploads/2025/05/saadahharamain.png]
[liantitravel.com/wp-content/uploads/2025/05/logo-partner-lianti-le-1024x683.png]
[liantitravel.com/wp-content/uploads/2025/05/logo-partner-lianti-rotana-1024x683.png]
[liantitravel.com/wp-content/uploads/2025/05/logo-partner-lianti-makkah-1024x683.png]
[liantitravel.com/wp-content/uploads/elementor/thumbs/white-wide-lianti-r5qemktg2x5hbzxm1bj7x2z05ziae9adaptynh6jp8.png]
[liantitravel.com/wp-content/uploads/2025/05/Bg-popUp.png]
[liantitravel.com/wp-content/uploads/2025/05/bubble_bg_popup.png]
[liantitravel.com/wp-content/uploads/2025/05/small_c_popup-150x150.png]
[liantitravel.com/wp-login4170.html]
[liantitravel.com/wp-content/plugins/elementor/assets/lib/animations/styles/rotateInDownLeft.mineda1.css]
[liantitravel.com/wp-content/plugins/elementor-pro/assets/css/modules/motion-fx.min2801.css]
[liantitravel.com/wp-content/plugins/elementor-pro/assets/css/widget-form.min2801.css]
[liantitravel.com/wp-content/plugins/elementor/assets/lib/animations/styles/zoomIn.mineda1.css]
[liantitravel.com/wp-content/plugins/elementor/assets/lib/animations/styles/rotateInUpLeft.mineda1.css]
[liantitravel.com/wp-content/plugins/elementor-pro/assets/css/conditionals/popup.min2801.css]
[liantitravel.com/wp-content/plugins/extensions-for-elementor-form/assets/css/style.min206d.css]
[liantitravel.com/wp-content/plugins/elementor/assets/lib/flatpickr/flatpickr.min4e7f.css]
[liantitravel.com/wp-content/plugins/elementskit-lite/widgets/init/assets/js/widget-scripts7338.js]
[liantitravel.com/wp-content/themes/hello-elementor/assets/js/hello-frontend.min5589.js]
[liantitravel.com/wp-content/plugins/elementor/assets/js/webpack.runtime.mineda1.js]
[liantitravel.com/wp-content/plugins/elementor/assets/js/frontend-modules.mineda1.js]
[liantitravel.com/wp-includes/js/jquery/ui/core.minb37e.js]
[liantitravel.com/wp-content/plugins/elementor/assets/js/frontend.mineda1.js]
[liantitravel.com/wp-content/plugins/elementor-pro/assets/lib/smartmenus/jquery.smartmenus.min1576.js]
[liantitravel.com/wp-content/plugins/elementskit-lite/widgets/init/assets/js/widgets/core7338.js]
[liantitravel.com/wp-content/plugins/elementskit-lite/widgets/init/assets/js/widgets/video7338.js]
[liantitravel.com/wp-includes/js/mediaelement/mediaelement-and-player.min1f61.js]
[liantitravel.com/wp-includes/js/mediaelement/mediaelement-migrate.mina784.js]
[liantitravel.com/wp-includes/js/mediaelement/wp-mediaelement.mina784.html]
[liantitravel.com/wp-content/plugins/elementskit-lite/widgets/init/assets/js/jquery.magnific-popup.min7338.html]
[liantitravel.com/wp-content/plugins/elementor/assets/lib/jquery-numerator/jquery-numerator.min3958.html]
[liantitravel.com/wp-content/plugins/elementor/assets/lib/swiper/v8/swiper.min94a4.html]
[liantitravel.com/wp-content/plugins/extensions-for-elementor-form/assets/js/frontend-scripts.min206d.html]
[liantitravel.com/wp-content/plugins/elementor/assets/lib/flatpickr/flatpickr.min4e7f.html]
[liantitravel.com/wp-content/plugins/elementor-pro/assets/js/webpack-pro.runtime.min2801.html]
[liantitravel.com/wp-includes/js/dist/hooks.min4fdd.html]
[liantitravel.com/wp-includes/js/dist/i18n.minc33c.html]
[liantitravel.com/wp-content/plugins/elementor-pro/assets/js/frontend.min2801.html]
[liantitravel.com/wp-content/plugins/elementor-pro/assets/js/elements-handlers.min2801.html]
[liantitravel.com/wp-content/plugins/inavii-social-feed-for-elementor/includes/Legacy/Assets/dist/js/inavii-js.min459e.html]
[liantitravel.com/wp-includes/js/mediaelement/mejs-controls.html]
[liantitravel.com/wp-content/plugins/elementskit-lite/widgets/init/assets/img/arrow.html]
[liantitravel.com/wp-content/plugins/elementskit-lite/widgets/init/assets/img/sort_asc.html]
[liantitravel.com/wp-content/plugins/elementskit-lite/widgets/init/assets/img/sort_desc.html]
[liantitravel.com/wp-content/plugins/elementskit-lite/widgets/init/assets/img/sort_asc_disabled.html]
[liantitravel.com/e,window.location.html]
[liantitravel.com/GET.html]
